<testsuites id="" name="" tests="1" failures="0" skipped="0" errors="1" time="201.262557">
<testsuite name="easyMyTrip.spec.ts" timestamp="2026-05-18T12:42:11.420Z" hostname="chromium" tests="1" failures="0" skipped="0" time="190.802" errors="1">
<testcase name="EasyMyTrip Hotel Booking Test" classname="easyMyTrip.spec.ts" time="190.802">
<system-out>
<![CDATA[[90m[2026-05-18T12:42:34.863Z] [DEBUG] Wait visible → hotelBooking (30000ms)[0m
[90m[2026-05-18T12:42:36.045Z] [DEBUG] Wait: visible → HOTELS | timeout: 30000ms[0m
[90m[2026-05-18T12:42:36.534Z] [DEBUG] Visible in 488ms → HOTELS[0m
[32m[2026-05-18T12:42:36.534Z] [PASS] Visible → hotelBooking[0m
[RUNTIME] STORED → HotelBookingTab: Hotels
[32m[2026-05-18T12:42:37.941Z] [PASS] Stored text → HotelBookingTab: "Hotels"[0m
[90m[2026-05-18T12:42:37.943Z] [DEBUG] Click → hotelBooking[0m
[90m[2026-05-18T12:42:38.607Z] [DEBUG] Click → hotelBooking[0m
[32m[2026-05-18T12:42:41.211Z] [PASS] Clicked → hotelBooking[0m
[90m[2026-05-18T12:42:41.212Z] [DEBUG] Wait visible → enterCityName (30000ms)[0m
[90m[2026-05-18T12:42:42.566Z] [DEBUG] Wait: visible → class,\'selectHtlCity\')]') | timeout: 30000ms[0m
[90m[2026-05-18T12:42:46.430Z] [DEBUG] Visible in 3862ms → class,\'selectHtlCity\')]')[0m
[32m[2026-05-18T12:42:46.430Z] [PASS] Visible → enterCityName[0m
[90m[2026-05-18T12:42:46.430Z] [DEBUG] Click → enterCityName[0m
[90m[2026-05-18T12:42:48.776Z] [DEBUG] Click → enterCityName[0m
[32m[2026-05-18T12:42:52.427Z] [PASS] Clicked → enterCityName[0m
[90m[2026-05-18T12:42:52.428Z] [DEBUG] Type → enteringCityName | Value: "Kolar" | Delay: 50ms[0m
[90m[2026-05-18T12:42:57.155Z] [DEBUG] [AutoHeal] DOM scan found 0 candidates for <input>[0m
[33m[2026-05-18T12:42:57.156Z] [WARN] [AutoHeal] Primary not visible — 3 recovery candidates built -> locator('//input[@id=\'rfdd\']')[0m
[90m[2026-05-18T12:42:58.754Z] [DEBUG] [AutoHeal] [css] no match -> #rfdd[0m
[90m[2026-05-18T12:43:00.155Z] [DEBUG] [AutoHeal] [xpath] no match -> xpath=//input[@id='rfdd'][0m
[90m[2026-05-18T12:43:01.567Z] [DEBUG] [AutoHeal] [xpath] no match -> xpath=//input[contains(@id,"rfdd")][0m
[31m[2026-05-18T12:43:01.568Z] [ERROR] [AutoHeal] All 3 strategies failed -> locator('//input[@id=\'rfdd\']')[0m
[90m[2026-05-18T12:43:01.568Z] [DEBUG] Type → enteringCityName | value="Kolar"[0m
[33m[2026-05-18T12:44:02.016Z] [WARN] Retry attempt 1/2 failed (69587ms)
   → locator.waitFor: Timeout 30000ms exceeded.
Call log:
[2m  - waiting for locator('//input[@id=\'rfdd\']') to be visible[22m
[0m
[90m[2026-05-18T12:44:02.016Z] [DEBUG] ⏳ Waiting 4130.840638257244ms before retry 2...[0m
[90m[2026-05-18T12:44:10.619Z] [DEBUG] [AutoHeal] DOM scan found 0 candidates for <input>[0m
[33m[2026-05-18T12:44:10.619Z] [WARN] [AutoHeal] Primary not visible — 3 recovery candidates built -> locator('//input[@id=\'rfdd\']')[0m
[90m[2026-05-18T12:44:11.967Z] [DEBUG] [AutoHeal] [css] no match -> #rfdd[0m
[90m[2026-05-18T12:44:13.375Z] [DEBUG] [AutoHeal] [xpath] no match -> xpath=//input[@id='rfdd'][0m
[90m[2026-05-18T12:44:14.783Z] [DEBUG] [AutoHeal] [xpath] no match -> xpath=//input[contains(@id,"rfdd")][0m
[31m[2026-05-18T12:44:14.783Z] [ERROR] [AutoHeal] All 3 strategies failed -> locator('//input[@id=\'rfdd\']')[0m
[90m[2026-05-18T12:44:14.783Z] [DEBUG] Type → enteringCityName | value="Kolar"[0m
[33m[2026-05-18T12:45:15.349Z] [WARN] Retry attempt 2/2 failed (69202ms)
   → locator.waitFor: Timeout 30000ms exceeded.
Call log:
[2m  - waiting for locator('//input[@id=\'rfdd\']') to be visible[22m
[0m
[31m[2026-05-18T12:45:15.353Z] [ERROR]  All 2 retry attempts FAILED.[0m
[31m[2026-05-18T12:45:15.353Z] [ERROR] type failed → enteringCityName → locator.waitFor: Timeout 30000ms exceeded.
Call log:
[2m  - waiting for locator('//input[@id=\'rfdd\']') to be visible[22m
[0m
[31m[2026-05-18T12:45:15.354Z] [ERROR]  Error in BasePage.type (enteringCityName): type failed → enteringCityName → locator.waitFor: Timeout 30000ms exceeded.
Call log:
[2m  - waiting for locator('//input[@id=\'rfdd\']') to be visible[22m
[0m
[31m[2026-05-18T12:45:15.354Z] [ERROR] Error: type failed → enteringCityName → locator.waitFor: Timeout 30000ms exceeded.
Call log:
[2m  - waiting for locator('//input[@id=\'rfdd\']') to be visible[22m

    at _errorHandler.ErrorHandler.handle.context (C:\Syslatech_Playwright\src\pages\basePage.ts:296:15)
    at Function.handle (C:\Syslatech_Playwright\src\utils\errorHandler.ts:71:14)
    at EasyMyTripPage.hotelBookingPage (C:\Syslatech_Playwright\src\pages\easyMyTrip.ts:94:5)
    at C:\Syslatech_Playwright\src\tests\easyMyTrip.spec.ts:14:5
    at C:\Syslatech_Playwright\node_modules\playwright\lib\worker\workerProcessEntry.js:3045:9
    at C:\Syslatech_Playwright\node_modules\playwright\lib\worker\workerProcessEntry.js:2537:11
    at TimeoutManager.withRunnable (C:\Syslatech_Playwright\node_modules\playwright\lib\worker\workerProcessEntry.js:1816:14)
    at TestInfoImpl._runWithTimeout (C:\Syslatech_Playwright\node_modules\playwright\lib\worker\workerProcessEntry.js:2535:7)
    at C:\Syslatech_Playwright\node_modules\playwright\lib\worker\workerProcessEntry.js:3043:7
    at WorkerMain._runTest (C:\Syslatech_Playwright\node_modules\playwright\lib\worker\workerProcessEntry.js:3016:5)
    at WorkerMain.runTestGroup (C:\Syslatech_Playwright\node_modules\playwright\lib\worker\workerProcessEntry.js:2911:9)
    at process.<anonymous> (C:\Syslatech_Playwright\node_modules\playwright\lib\common\index.js:1955:25)[0m

[[ATTACHMENT|..\test-results\easyMyTrip-EasyMyTrip-Hotel-Booking-Test-chromium\test-failed-1.png]]

[[ATTACHMENT|..\test-results\easyMyTrip-EasyMyTrip-Hotel-Booking-Test-chromium\video.webm]]

[[ATTACHMENT|..\test-results\easyMyTrip-EasyMyTrip-Hotel-Booking-Test-chromium\error-context.md]]

[[ATTACHMENT|..\test-results\easyMyTrip-EasyMyTrip-Hotel-Booking-Test-chromium\trace.zip]]
]]>
</system-out>
<error message="type failed → enteringCityName → locator.waitFor: Timeout 30000ms exceeded." type="Error">
<![CDATA[  [chromium] › easyMyTrip.spec.ts:8:5 › EasyMyTrip Hotel Booking Test ──────────────────────────────

    Error: type failed → enteringCityName → locator.waitFor: Timeout 30000ms exceeded.
    Call log:
      - waiting for locator('//input[@id=\'rfdd\']') to be visible


       at ..\pages\basePage.ts:296

      294 |       } catch (error: any) {
      295 |         logger.error(`type failed → ${name} → ${error.message}`);
    > 296 |         throw new Error(`type failed → ${name} → ${error.message}`);
          |               ^
      297 |       }
      298 |     }, { context: `BasePage.type (${name})` });
      299 |   }
        at _errorHandler.ErrorHandler.handle.context (C:\Syslatech_Playwright\src\pages\basePage.ts:296:15)
        at Function.handle (C:\Syslatech_Playwright\src\utils\errorHandler.ts:71:14)
        at EasyMyTripPage.hotelBookingPage (C:\Syslatech_Playwright\src\pages\easyMyTrip.ts:94:5)
        at C:\Syslatech_Playwright\src\tests\easyMyTrip.spec.ts:14:5

    attachment #1: screenshot (image/png) ──────────────────────────────────────────────────────────
    ..\..\test-results\easyMyTrip-EasyMyTrip-Hotel-Booking-Test-chromium\test-failed-1.png
    ────────────────────────────────────────────────────────────────────────────────────────────────

    attachment #2: video (video/webm) ──────────────────────────────────────────────────────────────
    ..\..\test-results\easyMyTrip-EasyMyTrip-Hotel-Booking-Test-chromium\video.webm
    ────────────────────────────────────────────────────────────────────────────────────────────────

    Error Context: ..\..\test-results\easyMyTrip-EasyMyTrip-Hotel-Booking-Test-chromium\error-context.md

    attachment #4: trace (application/zip) ─────────────────────────────────────────────────────────
    ..\..\test-results\easyMyTrip-EasyMyTrip-Hotel-Booking-Test-chromium\trace.zip
    Usage:

        npx playwright show-trace ..\..\test-results\easyMyTrip-EasyMyTrip-Hotel-Booking-Test-chromium\trace.zip

    ────────────────────────────────────────────────────────────────────────────────────────────────
]]>
</error>
</testcase>
</testsuite>
</testsuites>